// Jest Snapshot v1, https://goo.gl/fbAQLP

exports[`<Nav /> should render Cookie Policy page nav correctly 1`] = `
<nav>
  <a
    href="/"
    onClick={[Function]}
  >
    Home
  </a>
</nav>
`;

exports[`<Nav /> should render Privacy Policy page nav correctly 1`] = `
<nav>
  <a
    href="/"
    onClick={[Function]}
  >
    Home
  </a>
</nav>
`;

exports[`<Nav /> should render homepage nav correctly 1`] = `
<nav>
  <a
    href="/"
    onClick={[Function]}
  >
    Home
  </a>
</nav>
`;
