// Jest Snapshot v1, https://goo.gl/fbAQLP

exports[`<Home /> should render homepage static content 1`] = `
<div>
  Homepage content
</div>
`;
